run_workflow: incoming log_level='debug'
run_workflow: incoming rust_backtrace='0'
WorkflowExecutor: resolved log_level='debug', binary_mode=False
WorkflowExecutor: workflow_id='780a3d7e' (for test isolation)
WorkflowExecutor: resolved rust_backtrace='0', binary_mode=False

🚀 Executing Workflow: E2E KV Store - Subgroup Lifecycle

💥 Nuking all data before workflow ...
Found 2 Calimero node data directory(ies)
✓ Found merod binary in PATH: /usr/local/bin/merod

Deleting 2 data directory(ies)...
✓ Successfully deleted 2 data directory(ies)
Total space freed: 8.7 MB
✓ Nuke on start completed

Step 1: Checking workflow nodes (restart=false)...
Will reuse existing nodes if they're running...

Step 2: Managing nodes...
Checking 2 nodes with prefix 'e2e-node' (no restart mode)...
✓ Image ghcr.io/calimero-network/merod:0.10.1-rc.29 already available locally
✓ Cleaned up existing container e2e-node-1-init
Setting RUST_LOG for node e2e-node-1: debug
Setting RUST_BACKTRACE for node e2e-node-1: 0
Environment variables for e2e-node-1:
  CALIMERO_HOME=/app/data
  NODE_NAME=e2e-node-1
  RUST_LOG=debug
  RUST_BACKTRACE=0
Using default fresh WebUI fetch for node e2e-node-1
Initializing node e2e-node-1...
✓ Node e2e-node-1 initialized successfully
Starting node e2e-node-1...
